docker : time="2025-12-16T13:23:40+07:00" level=warning msg="The \"GOOGLE_CLIENT_ID\" variable is not set. Defaulting to a blank string."
At line:1 char:1
+ docker compose build app 2>&1 | Tee-Object build-output.txt
+ ~~~~~~~~~~~~~~~~~~~~~~~~~~~~~
    + CategoryInfo          : NotSpecified: (time="2025-12-1... blank string.":String) [], RemoteException
    + FullyQualifiedErrorId : NativeCommandError
 
time="2025-12-16T13:23:40+07:00" level=warning msg="The \"GOOGLE_CLIENT_SECRET\" variable is not set. Defaulting to a blank string."
time="2025-12-16T13:23:40+07:00" level=warning msg="The \"GEMINI_API_KEY\" variable is not set. Defaulting to a blank string."
#1 [internal] load local bake definitions
#1 reading from stdin 606B done
#1 DONE 0.0s

#2 [internal] load build definition from Dockerfile
#2 transferring dockerfile: 1.63kB 0.0s done
#2 DONE 0.1s

#3 [auth] library/node:pull token for registry-1.docker.io
#3 DONE 0.0s

#4 [internal] load metadata for docker.io/library/node:20-alpine
#4 DONE 1.9s

#5 [internal] load .dockerignore
#5 transferring context: 784B 0.0s done
#5 DONE 0.1s

#6 [internal] load build context
#6 DONE 0.0s

#7 [base 1/1] FROM docker.io/library/node:20-alpine@sha256:643e7036aa985317ebfee460005e322aa550c6b6883000d01daefb58689a58e2
#7 resolve docker.io/library/node:20-alpine@sha256:643e7036aa985317ebfee460005e322aa550c6b6883000d01daefb58689a58e2 0.1s done
#7 DONE 0.1s

#8 [builder 1/5] WORKDIR /app
#8 CACHED

#9 [runner 2/9] RUN addgroup --system --gid 1001 nodejs
#9 CACHED

#10 [runner 3/9] RUN adduser --system --uid 1001 nextjs
#10 CACHED

#6 [internal] load build context
#6 transferring context: 15.53kB 0.1s done
#6 DONE 0.1s

#11 [deps 3/5] COPY package.json package-lock.json* ./
#11 CACHED

#12 [deps 1/5] RUN apk add --no-cache libc6-compat openssl
#12 CACHED

#13 [deps 2/5] WORKDIR /app
#13 CACHED

#14 [deps 4/5] COPY prisma ./prisma
#14 CACHED

#15 [deps 5/5] RUN npm ci
